C:\Users\KIIT\Desktop\revision>git status
On branch main
Your branch is up to date with 'origin/main'.

Untracked files:
  (use "git add <file>..." to include in what will be committed)
        How to.txt

nothing added to commit but untracked files present (use "git add" to track)

C:\Users\KIIT\Desktop\revision>git add How to.txt
fatal: pathspec 'How' did not match any files

C:\Users\KIIT\Desktop\revision>git add How to.txt
fatal: pathspec 'How' did not match any files

C:\Users\KIIT\Desktop\revision>git status
On branch main
Your branch is up to date with 'origin/main'.

Untracked files:
  (use "git add <file>..." to include in what will be committed)
        How to.txt

nothing added to commit but untracked files present (use "git add" to track)

C:\Users\KIIT\Desktop\revision>git status
On branch main
Your branch is up to date with 'origin/main'.

Untracked files:
  (use "git add <file>..." to include in what will be committed)
        How.txt

nothing added to commit but untracked files present (use "git add" to track)

C:\Users\KIIT\Desktop\revision>git add How.txt

C:\Users\KIIT\Desktop\revision>git status
On branch main
Your branch is up to date with 'origin/main'.

Changes to be committed:
  (use "git restore --staged <file>..." to unstage)
        new file:   How.txt


C:\Users\KIIT\Desktop\revision>git remote add origin https://github.com/Adisri547/revision.git
fatal: remote origin already exists.

C:\Users\KIIT\Desktop\revision>git push -u origin main
Everything up-to-date
Branch 'main' set up to track remote branch 'main' from 'origin'.

C:\Users\KIIT\Desktop\revision>git status
On branch main
Your branch is up to date with 'origin/main'.

Changes to be committed:
  (use "git restore --staged <file>..." to unstage)
        new file:   How.txt


C:\Users\KIIT\Desktop\revision>git commit -m "do"
[main e16a50e] do
 1 file changed, 221 insertions(+)
 create mode 100644 How.txt

C:\Users\KIIT\Desktop\revision>git remote add origin https://github.com/Adisri547/revision.git
fatal: remote origin already exists.

C:\Users\KIIT\Desktop\revision>git push -u origin main
Enumerating objects: 4, done.
Counting objects: 100% (4/4), done.
Delta compression using up to 8 threads
Compressing objects: 100% (3/3), done.
Writing objects: 100% (3/3), 1.57 KiB | 1.57 MiB/s, done.
Total 3 (delta 0), reused 0 (delta 0), pack-reused 0
To https://github.com/Adisri547/revision.git
   d517f79..e16a50e  main -> main
Branch 'main' set up to track remote branch 'main' from 'origin'.

C:\Users\KIIT\Desktop\revision>git checkout dev
Switched to branch 'dev'

C:\Users\KIIT\Desktop\revision>git push origin dev
Total 0 (delta 0), reused 0 (delta 0), pack-reused 0
remote:
remote: Create a pull request for 'dev' on GitHub by visiting:
remote:      https://github.com/Adisri547/revision/pull/new/dev
remote:
To https://github.com/Adisri547/revision.git
 * [new branch]      dev -> dev

C:\Users\KIIT\Desktop\revision>git checkout main
Switched to branch 'main'
Your branch is up to date with 'origin/main'.

C:\Users\KIIT\Desktop\revision>